Running tests ...
[1A[KRunning 52 tests in 1 runtime ...
[1A[K[1m[32m52 tests, 174 assertions, 1 runtime ... OK[0m
